Category: 📺央视频道, Name: CCTV-2, Total: 8, Valid: 8, Valid Percent: 100.00%, Whitelist: 0, IPv4: 8, IPv6: 0, Min Delay: 266 ms, Max Speed: 4.72 M/s, Avg Speed: 2.82 M/s, Max Resolution: 1920x1080
Category: 📺央视频道, Name: CCTV-3, Total: 10, Valid: 10, Valid Percent: 100.00%, Whitelist: 0, IPv4: 10, IPv6: 0, Min Delay: 167 ms, Max Speed: 10.75 M/s, Avg Speed: 4.04 M/s, Max Resolution: 1920x1080
Category: 📺央视频道, Name: CCTV-4, Total: 7, Valid: 7, Valid Percent: 100.00%, Whitelist: 0, IPv4: 7, IPv6: 0, Min Delay: 167 ms, Max Speed: 10.75 M/s, Avg Speed: 3.50 M/s, Max Resolution: 1920x1080
Category: 📺央视频道, Name: CCTV-5, Total: 14, Valid: 14, Valid Percent: 100.00%, Whitelist: 0, IPv4: 14, IPv6: 0, Min Delay: 167 ms, Max Speed: 10.75 M/s, Avg Speed: 2.79 M/s, Max Resolution: 1920x1080
Category: 📺央视频道, Name: CCTV-5+, Total: 6, Valid: 6, Valid Percent: 100.00%, Whitelist: 0, IPv4: 6, IPv6: 0, Min Delay: 167 ms, Max Speed: 10.75 M/s, Avg Speed: 3.23 M/s, Max Resolution: 1920x1080
Category: 📺央视频道, Name: CCTV-6, Total: 12, Valid: 12, Valid Percent: 100.00%, Whitelist: 0, IPv4: 12, IPv6: 0, Min Delay: 167 ms, Max Speed: 10.75 M/s, Avg Speed: 2.69 M/s, Max Resolution: 1920x1080
Category: 📺央视频道, Name: CCTV-7, Total: 12, Valid: 12, Valid Percent: 100.00%, Whitelist: 0, IPv4: 12, IPv6: 0, Min Delay: 53 ms, Max Speed: 107.75 M/s, Avg Speed: 20.50 M/s, Max Resolution: 1920x1080
Category: 📺央视频道, Name: CCTV-8, Total: 11, Valid: 11, Valid Percent: 100.00%, Whitelist: 0, IPv4: 11, IPv6: 0, Min Delay: 53 ms, Max Speed: 107.75 M/s, Avg Speed: 12.57 M/s, Max Resolution: 1920x1080
Category: 📺央视频道, Name: CCTV-9, Total: 17, Valid: 17, Valid Percent: 100.00%, Whitelist: 0, IPv4: 17, IPv6: 0, Min Delay: 53 ms, Max Speed: 107.75 M/s, Avg Speed: 8.31 M/s, Max Resolution: 1920x1080
Category: 📺央视频道, Name: CCTV-10, Total: 16, Valid: 16, Valid Percent: 100.00%, Whitelist: 0, IPv4: 16, IPv6: 0, Min Delay: 53 ms, Max Speed: 107.75 M/s, Avg Speed: 8.56 M/s, Max Resolution: 1920x1080
Category: 📺央视频道, Name: CCTV-11, Total: 13, Valid: 13, Valid Percent: 100.00%, Whitelist: 0, IPv4: 13, IPv6: 0, Min Delay: 53 ms, Max Speed: 107.75 M/s, Avg Speed: 10.82 M/s, Max Resolution: 1920x1080
Category: 📺央视频道, Name: CCTV-12, Total: 13, Valid: 13, Valid Percent: 100.00%, Whitelist: 0, IPv4: 13, IPv6: 0, Min Delay: 53 ms, Max Speed: 107.75 M/s, Avg Speed: 10.82 M/s, Max Resolution: 1920x1080
Category: 📺央视频道, Name: CCTV-13, Total: 15, Valid: 15, Valid Percent: 100.00%, Whitelist: 0, IPv4: 11, IPv6: 4, Min Delay: 53 ms, Max Speed: 107.75 M/s, Avg Speed: 8.99 M/s, Max Resolution: 1920x1080
Category: 📺央视频道, Name: CCTV-14, Total: 13, Valid: 13, Valid Percent: 100.00%, Whitelist: 0, IPv4: 12, IPv6: 1, Min Delay: 53 ms, Max Speed: 107.75 M/s, Avg Speed: 10.78 M/s, Max Resolution: 1920x1080
Category: 📺央视频道, Name: CCTV-15, Total: 13, Valid: 13, Valid Percent: 100.00%, Whitelist: 0, IPv4: 13, IPv6: 0, Min Delay: 53 ms, Max Speed: 107.75 M/s, Avg Speed: 10.82 M/s, Max Resolution: 1920x1080
Category: 📺央视频道, Name: CCTV-16, Total: 12, Valid: 12, Valid Percent: 100.00%, Whitelist: 0, IPv4: 12, IPv6: 0, Min Delay: 53 ms, Max Speed: 107.75 M/s, Avg Speed: 11.82 M/s, Max Resolution: 1920x1080
Category: 📺央视频道, Name: CCTV-17, Total: 12, Valid: 12, Valid Percent: 100.00%, Whitelist: 0, IPv4: 12, IPv6: 0, Min Delay: 53 ms, Max Speed: 107.75 M/s, Avg Speed: 11.62 M/s, Max Resolution: 1920x1080
Category: 📡卫视频道, Name: 广东卫视, Total: 8, Valid: 8, Valid Percent: 100.00%, Whitelist: 0, IPv4: 8, IPv6: 0, Min Delay: 53 ms, Max Speed: 107.75 M/s, Avg Speed: 16.50 M/s, Max Resolution: 1920x1080
Category: 📡卫视频道, Name: 浙江卫视, Total: 10, Valid: 10, Valid Percent: 100.00%, Whitelist: 0, IPv4: 9, IPv6: 1, Min Delay: 53 ms, Max Speed: 107.75 M/s, Avg Speed: 13.42 M/s, Max Resolution: 1920x1080
Category: 📡卫视频道, Name: 湖南卫视, Total: 15, Valid: 15, Valid Percent: 100.00%, Whitelist: 0, IPv4: 15, IPv6: 0, Min Delay: 43 ms, Max Speed: 107.75 M/s, Avg Speed: 10.11 M/s, Max Resolution: 1920x1080
Category: 📡卫视频道, Name: 北京卫视, Total: 10, Valid: 10, Valid Percent: 100.00%, Whitelist: 0, IPv4: 10, IPv6: 0, Min Delay: 43 ms, Max Speed: 107.75 M/s, Avg Speed: 13.55 M/s, Max Resolution: 1920x1080
Category: 📡卫视频道, Name: 湖北卫视, Total: 9, Valid: 9, Valid Percent: 100.00%, Whitelist: 0, IPv4: 9, IPv6: 0, Min Delay: 43 ms, Max Speed: 107.75 M/s, Avg Speed: 14.90 M/s, Max Resolution: 1920x1080
Category: 📡卫视频道, Name: 黑龙江卫视, Total: 9, Valid: 9, Valid Percent: 100.00%, Whitelist: 0, IPv4: 9, IPv6: 0, Min Delay: 43 ms, Max Speed: 107.75 M/s, Avg Speed: 14.90 M/s, Max Resolution: 1920x1080
Category: 📡卫视频道, Name: 安徽卫视, Total: 10, Valid: 10, Valid Percent: 100.00%, Whitelist: 0, IPv4: 10, IPv6: 0, Min Delay: 53 ms, Max Speed: 107.75 M/s, Avg Speed: 13.79 M/s, Max Resolution: 1920x1080
Category: 📡卫视频道, Name: 重庆卫视, Total: 9, Valid: 9, Valid Percent: 100.00%, Whitelist: 0, IPv4: 9, IPv6: 0, Min Delay: 43 ms, Max Speed: 107.75 M/s, Avg Speed: 14.90 M/s, Max Resolution: 1920x1080
Category: 📡卫视频道, Name: 东方卫视, Total: 10, Valid: 10, Valid Percent: 100.00%, Whitelist: 0, IPv4: 10, IPv6: 0, Min Delay: 53 ms, Max Speed: 107.75 M/s, Avg Speed: 13.74 M/s, Max Resolution: 1920x1080
Category: 📡卫视频道, Name: 东南卫视, Total: 7, Valid: 7, Valid Percent: 100.00%, Whitelist: 0, IPv4: 7, IPv6: 0, Min Delay: 53 ms, Max Speed: 107.75 M/s, Avg Speed: 18.18 M/s, Max Resolution: 1920x1080
Category: 📡卫视频道, Name: 甘肃卫视, Total: 5, Valid: 5, Valid Percent: 100.00%, Whitelist: 0, IPv4: 5, IPv6: 0, Min Delay: 53 ms, Max Speed: 107.75 M/s, Avg Speed: 25.53 M/s, Max Resolution: 1920x1080
Category: 📡卫视频道, Name: 广西卫视, Total: 7, Valid: 6, Valid Percent: 85.71%, Whitelist: 0, IPv4: 7, IPv6: 0, Min Delay: 53 ms, Max Speed: 107.75 M/s, Avg Speed: 21.00 M/s, Max Resolution: 1920x1080
Category: 📡卫视频道, Name: 贵州卫视, Total: 8, Valid: 8, Valid Percent: 100.00%, Whitelist: 0, IPv4: 8, IPv6: 0, Min Delay: 53 ms, Max Speed: 107.75 M/s, Avg Speed: 16.48 M/s, Max Resolution: 1920x1080
Category: 📡卫视频道, Name: 海南卫视, Total: 5, Valid: 5, Valid Percent: 100.00%, Whitelist: 0, IPv4: 5, IPv6: 0, Min Delay: 43 ms, Max Speed: 107.75 M/s, Avg Speed: 23.18 M/s, Max Resolution: 1920x1080
Category: 📡卫视频道, Name: 河北卫视, Total: 10, Valid: 10, Valid Percent: 100.00%, Whitelist: 0, IPv4: 10, IPv6: 0, Min Delay: 43 ms, Max Speed: 107.75 M/s, Avg Speed: 13.54 M/s, Max Resolution: 1920x1080
Category: 📡卫视频道, Name: 河南卫视, Total: 10, Valid: 10, Valid Percent: 100.00%, Whitelist: 0, IPv4: 10, IPv6: 0, Min Delay: 53 ms, Max Speed: 107.75 M/s, Avg Speed: 13.79 M/s, Max Resolution: 1920x1080
Category: 📡卫视频道, Name: 吉林卫视, Total: 8, Valid: 8, Valid Percent: 100.00%, Whitelist: 0, IPv4: 8, IPv6: 0, Min Delay: 53 ms, Max Speed: 107.75 M/s, Avg Speed: 16.48 M/s, Max Resolution: 1920x1080
Category: 📡卫视频道, Name: 江苏卫视, Total: 10, Valid: 10, Valid Percent: 100.00%, Whitelist: 0, IPv4: 10, IPv6: 0, Min Delay: 53 ms, Max Speed: 107.75 M/s, Avg Speed: 13.74 M/s, Max Resolution: 1920x1080
Category: 📡卫视频道, Name: 江西卫视, Total: 9, Valid: 9, Valid Percent: 100.00%, Whitelist: 0, IPv4: 9, IPv6: 0, Min Delay: 43 ms, Max Speed: 107.75 M/s, Avg Speed: 14.90 M/s, Max Resolution: 1920x1080
Category: 📡卫视频道, Name: 辽宁卫视, Total: 8, Valid: 8, Valid Percent: 100.00%, Whitelist: 0, IPv4: 8, IPv6: 0, Min Delay: 53 ms, Max Speed: 107.75 M/s, Avg Speed: 16.48 M/s, Max Resolution: 1920x1080
Category: 📡卫视频道, Name: 内蒙古卫视, Total: 10, Valid: 10, Valid Percent: 100.00%, Whitelist: 0, IPv4: 10, IPv6: 0, Min Delay: 43 ms, Max Speed: 107.75 M/s, Avg Speed: 13.47 M/s, Max Resolution: 1920x1080
Category: 📡卫视频道, Name: 宁夏卫视, Total: 7, Valid: 7, Valid Percent: 100.00%, Whitelist: 0, IPv4: 7, IPv6: 0, Min Delay: 53 ms, Max Speed: 107.75 M/s, Avg Speed: 18.65 M/s, Max Resolution: 1920x1080
Category: 📡卫视频道, Name: 青海卫视, Total: 11, Valid: 11, Valid Percent: 100.00%, Whitelist: 0, IPv4: 9, IPv6: 2, Min Delay: 43 ms, Max Speed: 107.75 M/s, Avg Speed: 12.50 M/s, Max Resolution: 1920x1080
Category: 📡卫视频道, Name: 山东卫视, Total: 9, Valid: 9, Valid Percent: 100.00%, Whitelist: 0, IPv4: 9, IPv6: 0, Min Delay: 53 ms, Max Speed: 107.75 M/s, Avg Speed: 14.79 M/s, Max Resolution: 1920x1080
Category: 📡卫视频道, Name: 山西卫视, Total: 8, Valid: 8, Valid Percent: 100.00%, Whitelist: 0, IPv4: 8, IPv6: 0, Min Delay: 43 ms, Max Speed: 107.75 M/s, Avg Speed: 16.59 M/s, Max Resolution: 1920x1080
Category: 📡卫视频道, Name: 陕西卫视, Total: 9, Valid: 9, Valid Percent: 100.00%, Whitelist: 0, IPv4: 9, IPv6: 0, Min Delay: 43 ms, Max Speed: 107.75 M/s, Avg Speed: 14.90 M/s, Max Resolution: 1920x1080
Category: 📡卫视频道, Name: 四川卫视, Total: 9, Valid: 9, Valid Percent: 100.00%, Whitelist: 0, IPv4: 9, IPv6: 0, Min Delay: 43 ms, Max Speed: 107.75 M/s, Avg Speed: 14.90 M/s, Max Resolution: 1920x1080
Category: 📡卫视频道, Name: 深圳卫视, Total: 10, Valid: 10, Valid Percent: 100.00%, Whitelist: 0, IPv4: 10, IPv6: 0, Min Delay: 53 ms, Max Speed: 107.75 M/s, Avg Speed: 13.79 M/s, Max Resolution: 1920x1080
Category: 📡卫视频道, Name: 三沙卫视, Total: 6, Valid: 6, Valid Percent: 100.00%, Whitelist: 0, IPv4: 6, IPv6: 0, Min Delay: 53 ms, Max Speed: 107.75 M/s, Avg Speed: 20.95 M/s, Max Resolution: 1920x1080
Category: 📡卫视频道, Name: 天津卫视, Total: 8, Valid: 8, Valid Percent: 100.00%, Whitelist: 0, IPv4: 8, IPv6: 0, Min Delay: 53 ms, Max Speed: 107.75 M/s, Avg Speed: 16.07 M/s, Max Resolution: 1920x1080
Category: 📡卫视频道, Name: 西藏卫视, Total: 7, Valid: 7, Valid Percent: 100.00%, Whitelist: 0, IPv4: 7, IPv6: 0, Min Delay: 43 ms, Max Speed: 107.75 M/s, Avg Speed: 18.07 M/s, Max Resolution: 1920x1080
Category: 📡卫视频道, Name: 新疆卫视, Total: 9, Valid: 9, Valid Percent: 100.00%, Whitelist: 0, IPv4: 9, IPv6: 0, Min Delay: 43 ms, Max Speed: 107.75 M/s, Avg Speed: 14.90 M/s, Max Resolution: 1920x1080
Category: 📡卫视频道, Name: 云南卫视, Total: 9, Valid: 9, Valid Percent: 100.00%, Whitelist: 0, IPv4: 9, IPv6: 0, Min Delay: 53 ms, Max Speed: 107.75 M/s, Avg Speed: 14.70 M/s, Max Resolution: 1920x1080
